// Jest Snapshot v1, https://goo.gl/fbAQLP

exports[`rendering renders a license without a death date 1`] = `
<a
  className="p-a300 br br-t100 b--w result"
  data-jsx={1723197323}
  href="/dogs/license/000002"
  onClick={[Function]}
>
  <div
    className="t--sans"
    data-jsx={1723197323}
    style={
      Object {
        "fontStyle": "normal",
        "fontWeight": "bold",
        "letterSpacing": 1.4,
      }
    }
  >
    Name: 
    Bruce
     
    Banner
  </div>
  <div
    className="t--sans"
    data-jsx={1723197323}
    style={
      Object {
        "fontStyle": "normal",
        "fontWeight": "bold",
        "letterSpacing": 1.4,
      }
    }
  >
    Dog: 
    Poppy
  </div>
  <div
    className="t--sans"
    data-jsx={1723197323}
    style={
      Object {
        "fontStyle": "normal",
        "fontWeight": "bold",
        "letterSpacing": 1.4,
      }
    }
  >
    Dog ID: 
    000002
  </div>
  <div
    className="t--sans"
    data-jsx={1723197323}
    style={
      Object {
        "fontStyle": "normal",
        "fontWeight": "bold",
        "letterSpacing": 1.4,
      }
    }
  >
    Phone: 
    1234567890
  </div>
</a>
`;

exports[`rendering renders a pending license 1`] = `
<a
  className="p-a300 br br-t100 b--w result"
  data-jsx={1723197323}
  href="/dogs/license/000002"
  onClick={[Function]}
>
  <div
    className="t--sans"
    data-jsx={1723197323}
    style={
      Object {
        "fontStyle": "normal",
        "fontWeight": "bold",
        "letterSpacing": 1.4,
      }
    }
  >
    Name: 
    Bruce
     
    Banner
  </div>
  <div
    className="t--sans"
    data-jsx={1723197323}
    style={
      Object {
        "fontStyle": "normal",
        "fontWeight": "bold",
        "letterSpacing": 1.4,
      }
    }
  >
    Dog: 
    Poppy
  </div>
  <div
    className="t--sans"
    data-jsx={1723197323}
    style={
      Object {
        "fontStyle": "normal",
        "fontWeight": "bold",
        "letterSpacing": 1.4,
      }
    }
  >
    Dog ID: 
    000002
  </div>
  <div
    className="t--sans"
    data-jsx={1723197323}
    style={
      Object {
        "fontStyle": "normal",
        "fontWeight": "bold",
        "letterSpacing": 1.4,
      }
    }
  >
    Phone: 
    1234567890
  </div>
</a>
`;

exports[`rendering renders a typical license 1`] = `
<a
  className="p-a300 br br-t100 b--w result"
  data-jsx={1723197323}
  href="/dogs/license/000002"
  onClick={[Function]}
>
  <div
    className="t--sans"
    data-jsx={1723197323}
    style={
      Object {
        "fontStyle": "normal",
        "fontWeight": "bold",
        "letterSpacing": 1.4,
      }
    }
  >
    Name: 
    Bruce
     
    Banner
  </div>
  <div
    className="t--sans"
    data-jsx={1723197323}
    style={
      Object {
        "fontStyle": "normal",
        "fontWeight": "bold",
        "letterSpacing": 1.4,
      }
    }
  >
    Dog: 
    Poppy
  </div>
  <div
    className="t--sans"
    data-jsx={1723197323}
    style={
      Object {
        "fontStyle": "normal",
        "fontWeight": "bold",
        "letterSpacing": 1.4,
      }
    }
  >
    Dog ID: 
    000002
  </div>
  <div
    className="t--sans"
    data-jsx={1723197323}
    style={
      Object {
        "fontStyle": "normal",
        "fontWeight": "bold",
        "letterSpacing": 1.4,
      }
    }
  >
    Phone: 
    1234567890
  </div>
</a>
`;
